Logging output to logs\batched_training_loop_2025-07-08_15-28-03.log
Loading batch config from: F:/dox/ai/gemmy/sliders/trainscripts/imagesliders/data/batch_config.yaml
Loading models from F:/dox/ai/stable-diffusion-1.5/models/Stable-diffusion/molKeunMix_v3NoobaiXL.safetensors to device: cuda with dtype: torch.bfloat16
Fetching 17 files:   0%|          | 0/17 [00:00<?, ?it/s]Fetching 17 files: 100%|██████████| 17/17 [00:00<00:00, 32934.49it/s]
Loading pipeline components...:   0%|          | 0/7 [00:00<?, ?it/s]Loading pipeline components...:  29%|██▊       | 2/7 [00:00<00:00, 14.94it/s]Loading pipeline components...:  57%|█████▋    | 4/7 [00:00<00:00,  4.11it/s]Loading pipeline components...:  86%|████████▌ | 6/7 [00:03<00:00,  1.52it/s]Loading pipeline components...: 100%|██████████| 7/7 [00:03<00:00,  2.18it/s]
UNet time_embedding_dim: None
Enabling gradient checkpointing for UNet.
Building pseudo-randomized training schedule...
Using random seed: 42
Collecting all possible training data combinations...
Created data pool with 2 unique image filenames across scales.
Built schedule with 2 batches of size 4.
Found 3 unique images and 1 unique prompts to process for unified cache.
Caching image latents:   0%|          | 0/3 [00:00<?, ?it/s]F:\dox\ai\gemmy\sliders\trainscripts\imagesliders\embedding_cache_util.py:129: FutureWarning: You are using `torch.load` with `weights_only=False` (the current default value), which uses the default pickle module implicitly. It is possible to construct malicious pickle data which will execute arbitrary code during unpickling (See https://github.com/pytorch/pytorch/blob/main/SECURITY.md#untrusted-models for more details). In a future release, the default value for `weights_only` will be flipped to `True`. This limits the functions that could be executed during unpickling. Arbitrary objects will no longer be allowed to be loaded via this mode unless they are explicitly allowlisted by the user via `torch.serialization.add_safe_globals`. We recommend you start setting `weights_only=True` for any use case where you don't have full control of the loaded file. Please open an issue on GitHub for any issues related to this experimental feature.
  loaded_data = torch.load(latent_path, map_location='cpu')
[image] Forcing re-encoding for datasets\bracket\0\A.png due to invalidate_latent_cache flag.
Caching image latents:  33%|███▎      | 1/3 [00:01<00:02,  1.07s/it][image] Forcing re-encoding for datasets\bracket\1\A.png due to invalidate_latent_cache flag.
Caching image latents:  67%|██████▋   | 2/3 [00:02<00:01,  1.06s/it][image] Forcing re-encoding for datasets\bracket\2\A.png due to invalidate_latent_cache flag.
Caching image latents: 100%|██████████| 3/3 [00:03<00:00,  1.06s/it]Caching image latents: 100%|██████████| 3/3 [00:03<00:00,  1.06s/it]
Caching text embeddings:   0%|          | 0/1 [00:00<?, ?it/s]Caching text embeddings: 100%|██████████| 1/1 [00:00<00:00,  2.06it/s]Caching text embeddings: 100%|██████████| 1/1 [00:00<00:00,  2.06it/s]
Unified embedding cache built.
Pre-generating and caching all batches from schedule...
Caching batches:   0%|          | 0/2 [00:00<?, ?it/s]Caching batches:  50%|█████     | 1/2 [00:00<00:00,  9.71it/s]Caching batches: 100%|██████████| 2/2 [00:00<00:00, 19.42it/s]
Cached 2 batches.
skipped compile because something dubious was happening in debug.
WARNING: lora_unet_conv_in dim (rank) is changed to: 4
WARNING: lora_unet_conv_out dim (rank) is changed to: 4
DEBUG: Total BatchedLoRAModule creations: 512
DEBUG: Total module replacements: 512
Starting training loop.
Shape of initial latents (batch['latents']): torch.Size([16, 64, 64])
Shape of unet_timesteps_cfg: torch.Size([32])
Shape of noisy_latents_cfg: torch.Size([32, 64, 64])
Shape of text_embeddings_cfg: torch.Size([8, 77, 2048])
Shape of pooled_embeds_cfg: torch.Size([8, 1280])
Shape of add_time_ids_cfg: torch.Size([8, 6])
Shape of add_text_embeddings (pooled_embeds_cfg) before UNet: torch.Size([8, 1280])
Shape of add_time_ids (add_time_ids_cfg) before UNet: torch.Size([8, 6])
--- EXCEPTION OCCURRED ---
Traceback (most recent call last):
  File "F:\dox\ai\gemmy\sliders\trainscripts\imagesliders\batched_training_loop.py", line 323, in <module>
    main()
  File "F:\dox\ai\gemmy\sliders\trainscripts\imagesliders\batched_training_loop.py", line 310, in main
    environment = training_loop(environment, static_batches)
  File "F:\dox\ai\gemmy\sliders\trainscripts\imagesliders\batched_training_loop.py", line 207, in training_loop
    loss = train_step(environment, batch)
  File "F:\dox\ai\gemmy\sliders\trainscripts\imagesliders\batched_training_loop.py", line 168, in train_step
    predicted_noise = batch_train_util.batched_predict_noise_xl(
  File "F:\dox\ai\gemmy\sliders\trainscripts\imagesliders\batch_train_util.py", line 171, in batched_predict_noise_xl
    noise_pred = nocfg_predict_noise_xl(
  File "F:\dox\ai\gemmy\sliders\trainscripts\imagesliders\batch_train_util.py", line 152, in nocfg_predict_noise_xl
    noise_pred = unet(
  File "F:\dox\ai\gemmy\sliders\.venv\lib\site-packages\torch\nn\modules\module.py", line 1736, in _wrapped_call_impl
    return self._call_impl(*args, **kwargs)
  File "F:\dox\ai\gemmy\sliders\.venv\lib\site-packages\torch\nn\modules\module.py", line 1747, in _call_impl
    return forward_call(*args, **kwargs)
  File "F:\dox\ai\gemmy\sliders\.venv\lib\site-packages\diffusers\models\unets\unet_2d_condition.py", line 1157, in forward
    emb = emb + aug_emb if aug_emb is not None else emb
RuntimeError: The size of tensor a (32) must match the size of tensor b (8) at non-singleton dimension 0
