Logging output to logs\batched_training_loop_2025-07-08_22-24-33.log
Loading batch config from: F:/dox/ai/gemmy/sliders/trainscripts/imagesliders/data/batch_config.yaml
Loading models from F:/dox/ai/stable-diffusion-1.5/models/Stable-diffusion/molKeunMix_v3NoobaiXL.safetensors to device: cuda with dtype: torch.bfloat16
Fetching 17 files:   0%|                                                                                                                | 0/17 [00:00<?, ?it/s]Fetching 17 files: 100%|███████████████████████████████████████████████████████████████████████████████████████████████████████████████| 17/17 [00:00<?, ?it/s]
Loading pipeline components...:   0%|                                                                                                    | 0/7 [00:00<?, ?it/s]Loading pipeline components...:  29%|██████████████████████████▎                                                                 | 2/7 [00:00<00:00, 15.21it/s]Loading pipeline components...:  57%|████████████████████████████████████████████████████▌                                       | 4/7 [00:00<00:00,  4.37it/s]Loading pipeline components...:  86%|██████████████████████████████████████████████████████████████████████████████▊             | 6/7 [00:03<00:00,  1.56it/s]Loading pipeline components...: 100%|████████████████████████████████████████████████████████████████████████████████████████████| 7/7 [00:03<00:00,  2.25it/s]
UNet time_embedding_dim: None
Enabling gradient checkpointing for UNet.
Configured Batch Size: 4
Configured Iterations: 2
Expected Total Samples (Batch Size * Iterations): 8
Building pseudo-randomized training schedule...
Using random seed: 42
Collecting all possible training data combinations...
Created data pool with 2 unique image filenames across scales.
Built schedule with 2 batches of size 4.
Found 3 unique images and 1 unique prompts to process for unified cache.
Caching image latents:   0%|                                                                                                             | 0/3 [00:00<?, ?it/s]F:\dox\ai\gemmy\sliders\trainscripts\imagesliders\embedding_cache_util.py:129: FutureWarning: You are using `torch.load` with `weights_only=False` (the current default value), which uses the default pickle module implicitly. It is possible to construct malicious pickle data which will execute arbitrary code during unpickling (See https://github.com/pytorch/pytorch/blob/main/SECURITY.md#untrusted-models for more details). In a future release, the default value for `weights_only` will be flipped to `True`. This limits the functions that could be executed during unpickling. Arbitrary objects will no longer be allowed to be loaded via this mode unless they are explicitly allowlisted by the user via `torch.serialization.add_safe_globals`. We recommend you start setting `weights_only=True` for any use case where you don't have full control of the loaded file. Please open an issue on GitHub for any issues related to this experimental feature.
  loaded_data = torch.load(latent_path, map_location='cpu')
Latent mismatch for datasets\bracket\0\A.png at resolution (512, 512). Mean absolute difference: 0.875. Re-encoding.
[image] Cached data for datasets\bracket\0\A.png is invalid or not found. Re-encoding.
Caching image latents:  33%|█████████████████████████████████▋                                                                   | 1/3 [00:02<00:04,  2.05s/it]Latent mismatch for datasets\bracket\1\A.png at resolution (512, 512). Mean absolute difference: 2.1875. Re-encoding.
[image] Cached data for datasets\bracket\1\A.png is invalid or not found. Re-encoding.
Caching image latents:  67%|███████████████████████████████████████████████████████████████████▎                                 | 2/3 [00:04<00:02,  2.07s/it]